Archive member included because of file (symbol)

H:\48434 Embedded Software\Lab Templates\Lab0\Library\libLab0.a(LEDs.o)
                              ./Sources/main.o (LEDs_Init)
H:\48434 Embedded Software\Lab Templates\Lab0\Library\libLab0.a(buttons.o)
                              ./Sources/main.o (Buttons_Init)
H:\48434 Embedded Software\Lab Templates\Lab0\Library\libLab0.a(timer.o)
                              ./Sources/main.o (Timer_Init)
c:/freescale/kds_3.0.0/toolchain/bin/../lib/gcc/arm-none-eabi/4.8.4/../../../../arm-none-eabi/lib/armv7e-m/fpu\libg_s.a(lib_a-exit.o)
                              c:/freescale/kds_3.0.0/toolchain/bin/../lib/gcc/arm-none-eabi/4.8.4/../../../../arm-none-eabi/lib/armv7e-m/fpu/crt0.o (exit)
c:/freescale/kds_3.0.0/toolchain/bin/../lib/gcc/arm-none-eabi/4.8.4/../../../../arm-none-eabi/lib/armv7e-m/fpu\libg_s.a(lib_a-impure.o)
                              c:/freescale/kds_3.0.0/toolchain/bin/../lib/gcc/arm-none-eabi/4.8.4/../../../../arm-none-eabi/lib/armv7e-m/fpu\libg_s.a(lib_a-exit.o) (_global_impure_ptr)
c:/freescale/kds_3.0.0/toolchain/bin/../lib/gcc/arm-none-eabi/4.8.4/../../../../arm-none-eabi/lib/armv7e-m/fpu\libg_s.a(lib_a-init.o)
                              c:/freescale/kds_3.0.0/toolchain/bin/../lib/gcc/arm-none-eabi/4.8.4/../../../../arm-none-eabi/lib/armv7e-m/fpu/crt0.o (__libc_init_array)
c:/freescale/kds_3.0.0/toolchain/bin/../lib/gcc/arm-none-eabi/4.8.4/../../../../arm-none-eabi/lib/armv7e-m/fpu\libg_s.a(lib_a-memset.o)
                              c:/freescale/kds_3.0.0/toolchain/bin/../lib/gcc/arm-none-eabi/4.8.4/../../../../arm-none-eabi/lib/armv7e-m/fpu/crt0.o (memset)
c:/freescale/kds_3.0.0/toolchain/bin/../lib/gcc/arm-none-eabi/4.8.4/../../../../arm-none-eabi/lib/armv7e-m/fpu\libnosys.a(_exit.o)
                              c:/freescale/kds_3.0.0/toolchain/bin/../lib/gcc/arm-none-eabi/4.8.4/../../../../arm-none-eabi/lib/armv7e-m/fpu\libg_s.a(lib_a-exit.o) (_exit)

Allocating common symbols
Common symbol       size              file

SR_reg              0x1               ./Generated_Code/Cpu.o

Discarded input sections

 .text          0x00000000        0x0 c:/freescale/kds_3.0.0/toolchain/bin/../lib/gcc/arm-none-eabi/4.8.4/armv7e-m/fpu/crti.o
 .data          0x00000000        0x0 c:/freescale/kds_3.0.0/toolchain/bin/../lib/gcc/arm-none-eabi/4.8.4/armv7e-m/fpu/crti.o
 .bss           0x00000000        0x0 c:/freescale/kds_3.0.0/toolchain/bin/../lib/gcc/arm-none-eabi/4.8.4/armv7e-m/fpu/crti.o
 .data          0x00000000        0x4 c:/freescale/kds_3.0.0/toolchain/bin/../lib/gcc/arm-none-eabi/4.8.4/armv7e-m/fpu/crtbegin.o
 .data          0x00000000        0x0 c:/freescale/kds_3.0.0/toolchain/bin/../lib/gcc/arm-none-eabi/4.8.4/../../../../arm-none-eabi/lib/armv7e-m/fpu/crt0.o
 .bss           0x00000000        0x0 c:/freescale/kds_3.0.0/toolchain/bin/../lib/gcc/arm-none-eabi/4.8.4/../../../../arm-none-eabi/lib/armv7e-m/fpu/crt0.o
 .ARM.extab     0x00000000        0x0 c:/freescale/kds_3.0.0/toolchain/bin/../lib/gcc/arm-none-eabi/4.8.4/../../../../arm-none-eabi/lib/armv7e-m/fpu/crt0.o
 .group         0x00000000        0x8 ./Sources/main.o
 .group         0x00000000        0x8 ./Sources/main.o
 .group         0x00000000        0x8 ./Sources/main.o
 .group         0x00000000        0x8 ./Sources/main.o
 .group         0x00000000        0x8 ./Sources/main.o
 .group         0x00000000        0x8 ./Sources/main.o
 .group         0x00000000        0x8 ./Sources/main.o
 .group         0x00000000        0x8 ./Sources/main.o
 .group         0x00000000        0x8 ./Sources/main.o
 .group         0x00000000        0x8 ./Sources/main.o
 .text          0x00000000        0x0 ./Sources/main.o
 .data          0x00000000        0x0 ./Sources/main.o
 .bss           0x00000000        0x0 ./Sources/main.o
 .group         0x00000000        0x8 ./Project_Settings/Startup_Code/startup.o
 .group         0x00000000        0x8 ./Project_Settings/Startup_Code/startup.o
 .group         0x00000000        0x8 ./Project_Settings/Startup_Code/startup.o
 .group         0x00000000        0x8 ./Project_Settings/Startup_Code/startup.o
 .group         0x00000000        0x8 ./Project_Settings/Startup_Code/startup.o
 .group         0x00000000        0x8 ./Project_Settings/Startup_Code/startup.o
 .group         0x00000000        0x8 ./Project_Settings/Startup_Code/startup.o
 .group         0x00000000        0x8 ./Project_Settings/Startup_Code/startup.o
 .group         0x00000000        0x8 ./Project_Settings/Startup_Code/startup.o
 .group         0x00000000        0x8 ./Project_Settings/Startup_Code/startup.o
 .group         0x00000000        0x8 ./Project_Settings/Startup_Code/startup.o
 .group         0x00000000        0x8 ./Project_Settings/Startup_Code/startup.o
 .group         0x00000000        0x8 ./Project_Settings/Startup_Code/startup.o
 .group         0x00000000        0x8 ./Project_Settings/Startup_Code/startup.o
 .group         0x00000000        0x8 ./Project_Settings/Startup_Code/startup.o
 .group         0x00000000        0x8 ./Project_Settings/Startup_Code/startup.o
 .group         0x00000000        0x8 ./Project_Settings/Startup_Code/startup.o
 .group         0x00000000        0x8 ./Project_Settings/Startup_Code/startup.o
 .group         0x00000000        0x8 ./Project_Settings/Startup_Code/startup.o
 .text          0x00000000        0x0 ./Project_Settings/Startup_Code/startup.o
 .data          0x00000000        0x0 ./Project_Settings/Startup_Code/startup.o
 .bss           0x00000000        0x0 ./Project_Settings/Startup_Code/startup.o
 .text.__init_hardware
                0x00000000        0xc ./Project_Settings/Startup_Code/startup.o
 .text.__iar_program_start
                0x00000000        0xc ./Project_Settings/Startup_Code/startup.o
 .debug_macro   0x00000000      0x850 ./Project_Settings/Startup_Code/startup.o
 .debug_macro   0x00000000       0x16 ./Project_Settings/Startup_Code/startup.o
 .group         0x00000000        0x8 ./Generated_Code/Cpu.o
 .group         0x00000000        0x8 ./Generated_Code/Cpu.o
 .group         0x00000000        0x8 ./Generated_Code/Cpu.o
 .group         0x00000000        0x8 ./Generated_Code/Cpu.o
 .group         0x00000000        0x8 ./Generated_Code/Cpu.o
 .group         0x00000000        0x8 ./Generated_Code/Cpu.o
 .group         0x00000000        0x8 ./Generated_Code/Cpu.o
 .group         0x00000000        0x8 ./Generated_Code/Cpu.o
 .group         0x00000000        0x8 ./Generated_Code/Cpu.o
 .text          0x00000000        0x0 ./Generated_Code/Cpu.o
 .data          0x00000000        0x0 ./Generated_Code/Cpu.o
 .bss           0x00000000        0x0 ./Generated_Code/Cpu.o
 .bss.SR_lock   0x00000000        0x1 ./Generated_Code/Cpu.o
 .debug_macro   0x00000000      0x850 ./Generated_Code/Cpu.o
 .debug_macro   0x00000000       0x16 ./Generated_Code/Cpu.o
 .debug_macro   0x00000000       0x44 ./Generated_Code/Cpu.o
 .debug_macro   0x00000000      0x209 ./Generated_Code/Cpu.o
 .debug_macro   0x00000000     0x17fa ./Generated_Code/Cpu.o
 .debug_macro   0x00000000      0x14e ./Generated_Code/Cpu.o
 .debug_macro   0x00000000       0x64 ./Generated_Code/Cpu.o
 .debug_macro   0x00000000    0x174c1 ./Generated_Code/Cpu.o
 COMMON         0x00000000        0x1 ./Generated_Code/Cpu.o
 .group         0x00000000        0x8 ./Generated_Code/PE_LDD.o
 .group         0x00000000        0x8 ./Generated_Code/PE_LDD.o
 .group         0x00000000        0x8 ./Generated_Code/PE_LDD.o
 .group         0x00000000        0x8 ./Generated_Code/PE_LDD.o
 .group         0x00000000        0x8 ./Generated_Code/PE_LDD.o
 .group         0x00000000        0x8 ./Generated_Code/PE_LDD.o
 .group         0x00000000        0x8 ./Generated_Code/PE_LDD.o
 .group         0x00000000        0x8 ./Generated_Code/PE_LDD.o
 .group         0x00000000        0x8 ./Generated_Code/PE_LDD.o
 .text          0x00000000        0x0 ./Generated_Code/PE_LDD.o
 .data          0x00000000        0x0 ./Generated_Code/PE_LDD.o
 .bss           0x00000000        0x0 ./Generated_Code/PE_LDD.o
 .rodata.PE_CpuClockConfigurations
                0x00000000       0x28 ./Generated_Code/PE_LDD.o
 .text.PE_FillMemory
                0x00000000       0x24 ./Generated_Code/PE_LDD.o
 .text.PE_PeripheralUsed
                0x00000000       0x18 ./Generated_Code/PE_LDD.o
 .text.LDD_SetClockConfiguration
                0x00000000       0x14 ./Generated_Code/PE_LDD.o
 .debug_info    0x00000000      0x215 ./Generated_Code/PE_LDD.o
 .debug_abbrev  0x00000000       0xf3 ./Generated_Code/PE_LDD.o
 .debug_aranges
                0x00000000       0x30 ./Generated_Code/PE_LDD.o
 .debug_ranges  0x00000000       0x20 ./Generated_Code/PE_LDD.o
 .debug_macro   0x00000000       0x8f ./Generated_Code/PE_LDD.o
 .debug_macro   0x00000000      0x850 ./Generated_Code/PE_LDD.o
 .debug_macro   0x00000000       0x16 ./Generated_Code/PE_LDD.o
 .debug_macro   0x00000000       0x44 ./Generated_Code/PE_LDD.o
 .debug_macro   0x00000000      0x209 ./Generated_Code/PE_LDD.o
 .debug_macro   0x00000000     0x17fa ./Generated_Code/PE_LDD.o
 .debug_macro   0x00000000      0x14e ./Generated_Code/PE_LDD.o
 .debug_macro   0x00000000       0x64 ./Generated_Code/PE_LDD.o
 .debug_macro   0x00000000    0x174c1 ./Generated_Code/PE_LDD.o
 .debug_macro   0x00000000       0x8e ./Generated_Code/PE_LDD.o
 .debug_line    0x00000000      0x241 ./Generated_Code/PE_LDD.o
 .debug_str     0x00000000    0x8a759 ./Generated_Code/PE_LDD.o
 .comment       0x00000000       0x71 ./Generated_Code/PE_LDD.o
 .ARM.attributes
                0x00000000       0x39 ./Generated_Code/PE_LDD.o
 .debug_frame   0x00000000       0x64 ./Generated_Code/PE_LDD.o
 .group         0x00000000        0x8 ./Generated_Code/Vectors.o
 .group         0x00000000        0x8 ./Generated_Code/Vectors.o
 .group         0x00000000        0x8 ./Generated_Code/Vectors.o
 .group         0x00000000        0x8 ./Generated_Code/Vectors.o
 .group         0x00000000        0x8 ./Generated_Code/Vectors.o
 .group         0x00000000        0x8 ./Generated_Code/Vectors.o
 .group         0x00000000        0x8 ./Generated_Code/Vectors.o
 .group         0x00000000        0x8 ./Generated_Code/Vectors.o
 .group         0x00000000        0x8 ./Generated_Code/Vectors.o
 .group         0x00000000        0x8 ./Generated_Code/Vectors.o
 .text          0x00000000        0x0 ./Generated_Code/Vectors.o
 .data          0x00000000        0x0 ./Generated_Code/Vectors.o
 .bss           0x00000000        0x0 ./Generated_Code/Vectors.o
 .debug_macro   0x00000000      0x850 ./Generated_Code/Vectors.o
 .debug_macro   0x00000000       0x16 ./Generated_Code/Vectors.o
 .debug_macro   0x00000000       0x44 ./Generated_Code/Vectors.o
 .debug_macro   0x00000000      0x209 ./Generated_Code/Vectors.o
 .debug_macro   0x00000000     0x17fa ./Generated_Code/Vectors.o
 .debug_macro   0x00000000      0x14e ./Generated_Code/Vectors.o
 .debug_macro   0x00000000       0x64 ./Generated_Code/Vectors.o
 .debug_macro   0x00000000    0x174c1 ./Generated_Code/Vectors.o
 .debug_macro   0x00000000       0x8e ./Generated_Code/Vectors.o
 .debug_macro   0x00000000       0x22 ./Generated_Code/Vectors.o
 .group         0x00000000        0x8 H:\48434 Embedded Software\Lab Templates\Lab0\Library\libLab0.a(LEDs.o)
 .group         0x00000000        0x8 H:\48434 Embedded Software\Lab Templates\Lab0\Library\libLab0.a(LEDs.o)
 .group         0x00000000        0x8 H:\48434 Embedded Software\Lab Templates\Lab0\Library\libLab0.a(LEDs.o)
 .group         0x00000000        0x8 H:\48434 Embedded Software\Lab Templates\Lab0\Library\libLab0.a(LEDs.o)
 .group         0x00000000        0x8 H:\48434 Embedded Software\Lab Templates\Lab0\Library\libLab0.a(LEDs.o)
 .group         0x00000000        0x8 H:\48434 Embedded Software\Lab Templates\Lab0\Library\libLab0.a(LEDs.o)
 .text          0x00000000        0x0 H:\48434 Embedded Software\Lab Templates\Lab0\Library\libLab0.a(LEDs.o)
 .data          0x00000000        0x0 H:\48434 Embedded Software\Lab Templates\Lab0\Library\libLab0.a(LEDs.o)
 .bss           0x00000000        0x0 H:\48434 Embedded Software\Lab Templates\Lab0\Library\libLab0.a(LEDs.o)
 .text.LEDs_On  0x00000000       0x1c H:\48434 Embedded Software\Lab Templates\Lab0\Library\libLab0.a(LEDs.o)
 .text.LEDs_Off
                0x00000000       0x1c H:\48434 Embedded Software\Lab Templates\Lab0\Library\libLab0.a(LEDs.o)
 .debug_macro   0x00000000      0x850 H:\48434 Embedded Software\Lab Templates\Lab0\Library\libLab0.a(LEDs.o)
 .debug_macro   0x00000000       0x16 H:\48434 Embedded Software\Lab Templates\Lab0\Library\libLab0.a(LEDs.o)
 .debug_macro   0x00000000       0x44 H:\48434 Embedded Software\Lab Templates\Lab0\Library\libLab0.a(LEDs.o)
 .debug_macro   0x00000000      0x209 H:\48434 Embedded Software\Lab Templates\Lab0\Library\libLab0.a(LEDs.o)
 .debug_macro   0x00000000       0x22 H:\48434 Embedded Software\Lab Templates\Lab0\Library\libLab0.a(LEDs.o)
 .debug_macro   0x00000000    0x174c1 H:\48434 Embedded Software\Lab Templates\Lab0\Library\libLab0.a(LEDs.o)
 .group         0x00000000        0x8 H:\48434 Embedded Software\Lab Templates\Lab0\Library\libLab0.a(buttons.o)
 .group         0x00000000        0x8 H:\48434 Embedded Software\Lab Templates\Lab0\Library\libLab0.a(buttons.o)
 .group         0x00000000        0x8 H:\48434 Embedded Software\Lab Templates\Lab0\Library\libLab0.a(buttons.o)
 .group         0x00000000        0x8 H:\48434 Embedded Software\Lab Templates\Lab0\Library\libLab0.a(buttons.o)
 .group         0x00000000        0x8 H:\48434 Embedded Software\Lab Templates\Lab0\Library\libLab0.a(buttons.o)
 .group         0x00000000        0x8 H:\48434 Embedded Software\Lab Templates\Lab0\Library\libLab0.a(buttons.o)
 .group         0x00000000        0x8 H:\48434 Embedded Software\Lab Templates\Lab0\Library\libLab0.a(buttons.o)
 .group         0x00000000        0x8 H:\48434 Embedded Software\Lab Templates\Lab0\Library\libLab0.a(buttons.o)
 .group         0x00000000        0x8 H:\48434 Embedded Software\Lab Templates\Lab0\Library\libLab0.a(buttons.o)
 .group         0x00000000        0x8 H:\48434 Embedded Software\Lab Templates\Lab0\Library\libLab0.a(buttons.o)
 .text          0x00000000        0x0 H:\48434 Embedded Software\Lab Templates\Lab0\Library\libLab0.a(buttons.o)
 .data          0x00000000        0x0 H:\48434 Embedded Software\Lab Templates\Lab0\Library\libLab0.a(buttons.o)
 .bss           0x00000000        0x0 H:\48434 Embedded Software\Lab Templates\Lab0\Library\libLab0.a(buttons.o)
 .debug_macro   0x00000000      0x850 H:\48434 Embedded Software\Lab Templates\Lab0\Library\libLab0.a(buttons.o)
 .debug_macro   0x00000000       0x16 H:\48434 Embedded Software\Lab Templates\Lab0\Library\libLab0.a(buttons.o)
 .debug_macro   0x00000000       0x44 H:\48434 Embedded Software\Lab Templates\Lab0\Library\libLab0.a(buttons.o)
 .debug_macro   0x00000000      0x209 H:\48434 Embedded Software\Lab Templates\Lab0\Library\libLab0.a(buttons.o)
 .debug_macro   0x00000000       0x22 H:\48434 Embedded Software\Lab Templates\Lab0\Library\libLab0.a(buttons.o)
 .debug_macro   0x00000000    0x174c1 H:\48434 Embedded Software\Lab Templates\Lab0\Library\libLab0.a(buttons.o)
 .debug_macro   0x00000000      0x14e H:\48434 Embedded Software\Lab Templates\Lab0\Library\libLab0.a(buttons.o)
 .debug_macro   0x00000000       0x64 H:\48434 Embedded Software\Lab Templates\Lab0\Library\libLab0.a(buttons.o)
 .group         0x00000000        0x8 H:\48434 Embedded Software\Lab Templates\Lab0\Library\libLab0.a(timer.o)
 .group         0x00000000        0x8 H:\48434 Embedded Software\Lab Templates\Lab0\Library\libLab0.a(timer.o)
 .group         0x00000000        0x8 H:\48434 Embedded Software\Lab Templates\Lab0\Library\libLab0.a(timer.o)
 .group         0x00000000        0x8 H:\48434 Embedded Software\Lab Templates\Lab0\Library\libLab0.a(timer.o)
 .group         0x00000000        0x8 H:\48434 Embedded Software\Lab Templates\Lab0\Library\libLab0.a(timer.o)
 .group         0x00000000        0x8 H:\48434 Embedded Software\Lab Templates\Lab0\Library\libLab0.a(timer.o)
 .group         0x00000000        0x8 H:\48434 Embedded Software\Lab Templates\Lab0\Library\libLab0.a(timer.o)
 .group         0x00000000        0x8 H:\48434 Embedded Software\Lab Templates\Lab0\Library\libLab0.a(timer.o)
 .group         0x00000000        0x8 H:\48434 Embedded Software\Lab Templates\Lab0\Library\libLab0.a(timer.o)
 .group         0x00000000        0x8 H:\48434 Embedded Software\Lab Templates\Lab0\Library\libLab0.a(timer.o)
 .group         0x00000000        0x8 H:\48434 Embedded Software\Lab Templates\Lab0\Library\libLab0.a(timer.o)
 .text          0x00000000        0x0 H:\48434 Embedded Software\Lab Templates\Lab0\Library\libLab0.a(timer.o)
 .data          0x00000000        0x0 H:\48434 Embedded Software\Lab Templates\Lab0\Library\libLab0.a(timer.o)
 .bss           0x00000000        0x0 H:\48434 Embedded Software\Lab Templates\Lab0\Library\libLab0.a(timer.o)
 .debug_macro   0x00000000      0x850 H:\48434 Embedded Software\Lab Templates\Lab0\Library\libLab0.a(timer.o)
 .debug_macro   0x00000000       0x16 H:\48434 Embedded Software\Lab Templates\Lab0\Library\libLab0.a(timer.o)
 .debug_macro   0x00000000       0x16 H:\48434 Embedded Software\Lab Templates\Lab0\Library\libLab0.a(timer.o)
 .debug_macro   0x00000000       0x44 H:\48434 Embedded Software\Lab Templates\Lab0\Library\libLab0.a(timer.o)
 .debug_macro   0x00000000      0x209 H:\48434 Embedded Software\Lab Templates\Lab0\Library\libLab0.a(timer.o)
 .debug_macro   0x00000000    0x174af H:\48434 Embedded Software\Lab Templates\Lab0\Library\libLab0.a(timer.o)
 .debug_macro   0x00000000     0x1800 H:\48434 Embedded Software\Lab Templates\Lab0\Library\libLab0.a(timer.o)
 .debug_macro   0x00000000      0x14e H:\48434 Embedded Software\Lab Templates\Lab0\Library\libLab0.a(timer.o)
 .debug_macro   0x00000000       0x64 H:\48434 Embedded Software\Lab Templates\Lab0\Library\libLab0.a(timer.o)
 .debug_macro   0x00000000       0x8e H:\48434 Embedded Software\Lab Templates\Lab0\Library\libLab0.a(timer.o)
 .debug_macro   0x00000000       0x22 H:\48434 Embedded Software\Lab Templates\Lab0\Library\libLab0.a(timer.o)
 .text          0x00000000        0x0 c:/freescale/kds_3.0.0/toolchain/bin/../lib/gcc/arm-none-eabi/4.8.4/../../../../arm-none-eabi/lib/armv7e-m/fpu\libg_s.a(lib_a-exit.o)
 .data          0x00000000        0x0 c:/freescale/kds_3.0.0/toolchain/bin/../lib/gcc/arm-none-eabi/4.8.4/../../../../arm-none-eabi/lib/armv7e-m/fpu\libg_s.a(lib_a-exit.o)
 .bss           0x00000000        0x0 c:/freescale/kds_3.0.0/toolchain/bin/../lib/gcc/arm-none-eabi/4.8.4/../../../../arm-none-eabi/lib/armv7e-m/fpu\libg_s.a(lib_a-exit.o)
 .text          0x00000000        0x0 c:/freescale/kds_3.0.0/toolchain/bin/../lib/gcc/arm-none-eabi/4.8.4/../../../../arm-none-eabi/lib/armv7e-m/fpu\libg_s.a(lib_a-impure.o)
 .data          0x00000000        0x0 c:/freescale/kds_3.0.0/toolchain/bin/../lib/gcc/arm-none-eabi/4.8.4/../../../../arm-none-eabi/lib/armv7e-m/fpu\libg_s.a(lib_a-impure.o)
 .bss           0x00000000        0x0 c:/freescale/kds_3.0.0/toolchain/bin/../lib/gcc/arm-none-eabi/4.8.4/../../../../arm-none-eabi/lib/armv7e-m/fpu\libg_s.a(lib_a-impure.o)
 .data._impure_ptr
                0x00000000        0x4 c:/freescale/kds_3.0.0/toolchain/bin/../lib/gcc/arm-none-eabi/4.8.4/../../../../arm-none-eabi/lib/armv7e-m/fpu\libg_s.a(lib_a-impure.o)
 .text          0x00000000        0x0 c:/freescale/kds_3.0.0/toolchain/bin/../lib/gcc/arm-none-eabi/4.8.4/../../../../arm-none-eabi/lib/armv7e-m/fpu\libg_s.a(lib_a-init.o)
 .data          0x00000000        0x0 c:/freescale/kds_3.0.0/toolchain/bin/../lib/gcc/arm-none-eabi/4.8.4/../../../../arm-none-eabi/lib/armv7e-m/fpu\libg_s.a(lib_a-init.o)
 .bss           0x00000000        0x0 c:/freescale/kds_3.0.0/toolchain/bin/../lib/gcc/arm-none-eabi/4.8.4/../../../../arm-none-eabi/lib/armv7e-m/fpu\libg_s.a(lib_a-init.o)
 .text          0x00000000        0x0 c:/freescale/kds_3.0.0/toolchain/bin/../lib/gcc/arm-none-eabi/4.8.4/../../../../arm-none-eabi/lib/armv7e-m/fpu\libg_s.a(lib_a-memset.o)
 .data          0x00000000        0x0 c:/freescale/kds_3.0.0/toolchain/bin/../lib/gcc/arm-none-eabi/4.8.4/../../../../arm-none-eabi/lib/armv7e-m/fpu\libg_s.a(lib_a-memset.o)
 .bss           0x00000000        0x0 c:/freescale/kds_3.0.0/toolchain/bin/../lib/gcc/arm-none-eabi/4.8.4/../../../../arm-none-eabi/lib/armv7e-m/fpu\libg_s.a(lib_a-memset.o)
 .text          0x00000000        0x0 c:/freescale/kds_3.0.0/toolchain/bin/../lib/gcc/arm-none-eabi/4.8.4/../../../../arm-none-eabi/lib/armv7e-m/fpu\libnosys.a(_exit.o)
 .data          0x00000000        0x0 c:/freescale/kds_3.0.0/toolchain/bin/../lib/gcc/arm-none-eabi/4.8.4/../../../../arm-none-eabi/lib/armv7e-m/fpu\libnosys.a(_exit.o)
 .bss           0x00000000        0x0 c:/freescale/kds_3.0.0/toolchain/bin/../lib/gcc/arm-none-eabi/4.8.4/../../../../arm-none-eabi/lib/armv7e-m/fpu\libnosys.a(_exit.o)
 .text          0x00000000        0x0 c:/freescale/kds_3.0.0/toolchain/bin/../lib/gcc/arm-none-eabi/4.8.4/armv7e-m/fpu/crtend.o
 .data          0x00000000        0x0 c:/freescale/kds_3.0.0/toolchain/bin/../lib/gcc/arm-none-eabi/4.8.4/armv7e-m/fpu/crtend.o
 .bss           0x00000000        0x0 c:/freescale/kds_3.0.0/toolchain/bin/../lib/gcc/arm-none-eabi/4.8.4/armv7e-m/fpu/crtend.o
 .eh_frame      0x00000000        0x4 c:/freescale/kds_3.0.0/toolchain/bin/../lib/gcc/arm-none-eabi/4.8.4/armv7e-m/fpu/crtend.o
 .jcr           0x00000000        0x4 c:/freescale/kds_3.0.0/toolchain/bin/../lib/gcc/arm-none-eabi/4.8.4/armv7e-m/fpu/crtend.o
 .ARM.attributes
                0x00000000       0x34 c:/freescale/kds_3.0.0/toolchain/bin/../lib/gcc/arm-none-eabi/4.8.4/armv7e-m/fpu/crtend.o
 .text          0x00000000        0x0 c:/freescale/kds_3.0.0/toolchain/bin/../lib/gcc/arm-none-eabi/4.8.4/armv7e-m/fpu/crtn.o
 .data          0x00000000        0x0 c:/freescale/kds_3.0.0/toolchain/bin/../lib/gcc/arm-none-eabi/4.8.4/armv7e-m/fpu/crtn.o
 .bss           0x00000000        0x0 c:/freescale/kds_3.0.0/toolchain/bin/../lib/gcc/arm-none-eabi/4.8.4/armv7e-m/fpu/crtn.o

Memory Configuration

Name             Origin             Length             Attributes
m_interrupts     0x00000000         0x000001e8         xr
m_text           0x00000410         0x000ffbf0         xr
m_data           0x1fff0000         0x00010000         rw
m_data_20000000  0x20000000         0x00010000         rw
m_cfmprotrom     0x00000400         0x00000010         xr
*default*        0x00000000         0xffffffff

Linker script and memory map

LOAD c:/freescale/kds_3.0.0/toolchain/bin/../lib/gcc/arm-none-eabi/4.8.4/armv7e-m/fpu/crti.o
LOAD c:/freescale/kds_3.0.0/toolchain/bin/../lib/gcc/arm-none-eabi/4.8.4/armv7e-m/fpu/crtbegin.o
LOAD c:/freescale/kds_3.0.0/toolchain/bin/../lib/gcc/arm-none-eabi/4.8.4/../../../../arm-none-eabi/lib/armv7e-m/fpu/crt0.o
LOAD ./Sources/main.o
LOAD ./Project_Settings/Startup_Code/startup.o
LOAD ./Generated_Code/Cpu.o
LOAD ./Generated_Code/PE_LDD.o
LOAD ./Generated_Code/Vectors.o
LOAD H:\48434 Embedded Software\Lab Templates\Lab0\Library\libLab0.a
LOAD c:/freescale/kds_3.0.0/toolchain/bin/../lib/gcc/arm-none-eabi/4.8.4/../../../../arm-none-eabi/lib/armv7e-m/fpu\libstdc++_s.a
LOAD c:/freescale/kds_3.0.0/toolchain/bin/../lib/gcc/arm-none-eabi/4.8.4/../../../../arm-none-eabi/lib/armv7e-m/fpu\libm.a
START GROUP
LOAD c:/freescale/kds_3.0.0/toolchain/bin/../lib/gcc/arm-none-eabi/4.8.4/armv7e-m/fpu\libgcc.a
LOAD c:/freescale/kds_3.0.0/toolchain/bin/../lib/gcc/arm-none-eabi/4.8.4/../../../../arm-none-eabi/lib/armv7e-m/fpu\libg_s.a
LOAD c:/freescale/kds_3.0.0/toolchain/bin/../lib/gcc/arm-none-eabi/4.8.4/../../../../arm-none-eabi/lib/armv7e-m/fpu\libc_s.a
END GROUP
START GROUP
LOAD c:/freescale/kds_3.0.0/toolchain/bin/../lib/gcc/arm-none-eabi/4.8.4/armv7e-m/fpu\libgcc.a
LOAD c:/freescale/kds_3.0.0/toolchain/bin/../lib/gcc/arm-none-eabi/4.8.4/../../../../arm-none-eabi/lib/armv7e-m/fpu\libc_s.a
LOAD c:/freescale/kds_3.0.0/toolchain/bin/../lib/gcc/arm-none-eabi/4.8.4/../../../../arm-none-eabi/lib/armv7e-m/fpu\libnosys.a
END GROUP
START GROUP
LOAD c:/freescale/kds_3.0.0/toolchain/bin/../lib/gcc/arm-none-eabi/4.8.4/armv7e-m/fpu\libgcc.a
LOAD c:/freescale/kds_3.0.0/toolchain/bin/../lib/gcc/arm-none-eabi/4.8.4/../../../../arm-none-eabi/lib/armv7e-m/fpu\libc_s.a
LOAD c:/freescale/kds_3.0.0/toolchain/bin/../lib/gcc/arm-none-eabi/4.8.4/../../../../arm-none-eabi/lib/armv7e-m/fpu\libnosys.a
END GROUP
LOAD c:/freescale/kds_3.0.0/toolchain/bin/../lib/gcc/arm-none-eabi/4.8.4/armv7e-m/fpu/crtend.o
LOAD c:/freescale/kds_3.0.0/toolchain/bin/../lib/gcc/arm-none-eabi/4.8.4/armv7e-m/fpu/crtn.o
                0x20000000                _estack = 0x20000000
                0x20000000                __SP_INIT = _estack
                0x20000000                __stack = _estack
                0x00000000                __heap_size = 0x0
                0x00000400                __stack_size = 0x400

.interrupts     0x00000000      0x1e8
                0x00000000                __vector_table = .
                0x00000000                . = ALIGN (0x4)
 *(.vectortable)
 .vectortable   0x00000000      0x1e8 ./Generated_Code/Vectors.o
                0x00000000                __vect_table
                0x000001e8                . = ALIGN (0x4)

.cfmprotect     0x00000400       0x10
                0x00000400                . = ALIGN (0x4)
 *(.cfmconfig)
 .cfmconfig     0x00000400       0x10 ./Generated_Code/Cpu.o
                0x00000400                _cfm
                0x00000410                . = ALIGN (0x4)

.text           0x00000410      0x860
                0x00000410                . = ALIGN (0x4)
 *(.text)
 .text          0x00000410       0x54 c:/freescale/kds_3.0.0/toolchain/bin/../lib/gcc/arm-none-eabi/4.8.4/armv7e-m/fpu/crtbegin.o
 .text          0x00000464       0x74 c:/freescale/kds_3.0.0/toolchain/bin/../lib/gcc/arm-none-eabi/4.8.4/../../../../arm-none-eabi/lib/armv7e-m/fpu/crt0.o
                0x00000464                _start
                0x00000464                _mainCRTStartup
 *(.text*)
 .text.OneSecondElapsed
                0x000004d8       0x10 ./Sources/main.o
 .text.Button1Pressed
                0x000004e8       0x10 ./Sources/main.o
 .text.TowerInit
                0x000004f8       0x24 ./Sources/main.o
 .text.main     0x0000051c        0xc ./Sources/main.o
                0x0000051c                main
 .text.__copy_rom_section
                0x00000528       0xe4 ./Project_Settings/Startup_Code/startup.o
                0x00000528                __copy_rom_section
 .text.__copy_rom_sections_to_ram
                0x0000060c       0x9c ./Project_Settings/Startup_Code/startup.o
                0x0000060c                __copy_rom_sections_to_ram
 .text.__init_registers
                0x000006a8       0x20 ./Project_Settings/Startup_Code/startup.o
                0x000006a8                __init_registers
 .text.__init_user
                0x000006c8        0xc ./Project_Settings/Startup_Code/startup.o
                0x000006c8                __init_user
 .text.__thumb_startup
                0x000006d4       0x34 ./Project_Settings/Startup_Code/startup.o
                0x000006d4                __thumb_startup
 .text.Cpu_Interrupt
                0x00000708       0x18 ./Generated_Code/Cpu.o
                0x00000708                Cpu_Interrupt
 .text.__init_hardware
                0x00000720      0x150 ./Generated_Code/Cpu.o
                0x00000720                __init_hardware
 .text.Cpu_SetBASEPRI
                0x00000870       0x18 ./Generated_Code/Cpu.o
                0x00000870                Cpu_SetBASEPRI
 .text.PE_low_level_init
                0x00000888       0xe4 ./Generated_Code/Cpu.o
                0x00000888                PE_low_level_init
 .text.LEDs_Init
                0x0000096c       0x70 H:\48434 Embedded Software\Lab Templates\Lab0\Library\libLab0.a(LEDs.o)
                0x0000096c                LEDs_Init
 .text.LEDs_Toggle
                0x000009dc       0x1c H:\48434 Embedded Software\Lab Templates\Lab0\Library\libLab0.a(LEDs.o)
                0x000009dc                LEDs_Toggle
 .text.Buttons_Init
                0x000009f8       0xfc H:\48434 Embedded Software\Lab Templates\Lab0\Library\libLab0.a(buttons.o)
                0x000009f8                Buttons_Init
 .text.PortE_ISR
                0x00000af4       0x4c H:\48434 Embedded Software\Lab Templates\Lab0\Library\libLab0.a(buttons.o)
                0x00000af4                PortE_ISR
 .text.Timer_Init
                0x00000b40       0x40 H:\48434 Embedded Software\Lab Templates\Lab0\Library\libLab0.a(timer.o)
                0x00000b40                Timer_Init
 .text.Timer_TickISR
                0x00000b80       0x48 H:\48434 Embedded Software\Lab Templates\Lab0\Library\libLab0.a(timer.o)
                0x00000b80                Timer_TickISR
 .text.exit     0x00000bc8       0x28 c:/freescale/kds_3.0.0/toolchain/bin/../lib/gcc/arm-none-eabi/4.8.4/../../../../arm-none-eabi/lib/armv7e-m/fpu\libg_s.a(lib_a-exit.o)
                0x00000bc8                exit
 .text.__libc_init_array
                0x00000bf0       0x4c c:/freescale/kds_3.0.0/toolchain/bin/../lib/gcc/arm-none-eabi/4.8.4/../../../../arm-none-eabi/lib/armv7e-m/fpu\libg_s.a(lib_a-init.o)
                0x00000bf0                __libc_init_array
 .text.memset   0x00000c3c       0x10 c:/freescale/kds_3.0.0/toolchain/bin/../lib/gcc/arm-none-eabi/4.8.4/../../../../arm-none-eabi/lib/armv7e-m/fpu\libg_s.a(lib_a-memset.o)
                0x00000c3c                memset
 .text._exit    0x00000c4c        0x4 c:/freescale/kds_3.0.0/toolchain/bin/../lib/gcc/arm-none-eabi/4.8.4/../../../../arm-none-eabi/lib/armv7e-m/fpu\libnosys.a(_exit.o)
                0x00000c4c                _exit
 *(.rodata)
 *(.rodata*)
 .rodata.str1.1
                0x00000c50        0x2 c:/freescale/kds_3.0.0/toolchain/bin/../lib/gcc/arm-none-eabi/4.8.4/../../../../arm-none-eabi/lib/armv7e-m/fpu\libg_s.a(lib_a-impure.o)
 *fill*         0x00000c52        0x2 
 .rodata._global_impure_ptr
                0x00000c54        0x4 c:/freescale/kds_3.0.0/toolchain/bin/../lib/gcc/arm-none-eabi/4.8.4/../../../../arm-none-eabi/lib/armv7e-m/fpu\libg_s.a(lib_a-impure.o)
                0x00000c54                _global_impure_ptr
 *(.glue_7)
 .glue_7        0x00000000        0x0 linker stubs
 *(.glue_7t)
 .glue_7t       0x00000000        0x0 linker stubs
 *(.eh_frame)
 .eh_frame      0x00000c58        0x0 c:/freescale/kds_3.0.0/toolchain/bin/../lib/gcc/arm-none-eabi/4.8.4/armv7e-m/fpu/crtbegin.o
 *(.init)
 .init          0x00000c58        0x4 c:/freescale/kds_3.0.0/toolchain/bin/../lib/gcc/arm-none-eabi/4.8.4/armv7e-m/fpu/crti.o
                0x00000c58                _init
 .init          0x00000c5c        0x8 c:/freescale/kds_3.0.0/toolchain/bin/../lib/gcc/arm-none-eabi/4.8.4/armv7e-m/fpu/crtn.o
 *(.fini)
 .fini          0x00000c64        0x4 c:/freescale/kds_3.0.0/toolchain/bin/../lib/gcc/arm-none-eabi/4.8.4/armv7e-m/fpu/crti.o
                0x00000c64                _fini
 .fini          0x00000c68        0x8 c:/freescale/kds_3.0.0/toolchain/bin/../lib/gcc/arm-none-eabi/4.8.4/armv7e-m/fpu/crtn.o
                0x00000c70                . = ALIGN (0x4)
                0x00000c70                _etext = .

.vfp11_veneer   0x00000c70        0x0
 .vfp11_veneer  0x00000000        0x0 linker stubs

.v4_bx          0x00000c70        0x0
 .v4_bx         0x00000000        0x0 linker stubs

.iplt           0x00000c70        0x0
 .iplt          0x00000000        0x0 c:/freescale/kds_3.0.0/toolchain/bin/../lib/gcc/arm-none-eabi/4.8.4/armv7e-m/fpu/crtbegin.o

.ARM.extab
 *(.ARM.extab* .gnu.linkonce.armextab.*)

.ARM            0x00000c70        0x8
                0x00000c70                __exidx_start = .
 *(.ARM.exidx*)
 .ARM.exidx     0x00000c70        0x8 c:/freescale/kds_3.0.0/toolchain/bin/../lib/gcc/arm-none-eabi/4.8.4/../../../../arm-none-eabi/lib/armv7e-m/fpu/crt0.o
                0x00000c78                __exidx_end = .

.rel.dyn        0x00000c78        0x0
 .rel.iplt      0x00000000        0x0 c:/freescale/kds_3.0.0/toolchain/bin/../lib/gcc/arm-none-eabi/4.8.4/armv7e-m/fpu/crtbegin.o

.ctors          0x00000c78        0x0
                0x00000c78                __CTOR_LIST__ = .
 *crtbegin.o(.ctors)
 *(EXCLUDE_FILE(*crtend.o) .ctors)
 *(SORT(.ctors.*))
 *(.ctors)
                0x00000c78                __CTOR_END__ = .

.dtors          0x00000c78        0x0
                0x00000c78                __DTOR_LIST__ = .
 *crtbegin.o(.dtors)
 *(EXCLUDE_FILE(*crtend.o) .dtors)
 *(SORT(.dtors.*))
 *(.dtors)
                0x00000c78                __DTOR_END__ = .

.preinit_array  0x00000c78        0x0
                0x00000c78                PROVIDE (__preinit_array_start, .)
 *(.preinit_array*)
                0x00000c78                PROVIDE (__preinit_array_end, .)

.init_array     0x00000c78        0x4
                0x00000c78                PROVIDE (__init_array_start, .)
 *(SORT(.init_array.*))
 *(.init_array*)
 .init_array    0x00000c78        0x4 c:/freescale/kds_3.0.0/toolchain/bin/../lib/gcc/arm-none-eabi/4.8.4/armv7e-m/fpu/crtbegin.o
                0x00000c7c                PROVIDE (__init_array_end, .)

.fini_array     0x00000c7c        0x4
                0x00000c7c                PROVIDE (__fini_array_start, .)
 *(SORT(.fini_array.*))
 *(.fini_array*)
 .fini_array    0x00000c7c        0x4 c:/freescale/kds_3.0.0/toolchain/bin/../lib/gcc/arm-none-eabi/4.8.4/armv7e-m/fpu/crtbegin.o
                0x00000c80                PROVIDE (__fini_array_end, .)
                0x00000c80                ___ROM_AT = .

.data           0x1fff0000       0x68 load address 0x00000c80
                0x1fff0000                . = ALIGN (0x4)
                0x1fff0000                _sdata = .
 *(.data)
 *(.data*)
 .data.Button1Setup
                0x1fff0000        0x8 H:\48434 Embedded Software\Lab Templates\Lab0\Library\libLab0.a(buttons.o)
                0x1fff0000                Button1Setup
 .data.impure_data
                0x1fff0008       0x60 c:/freescale/kds_3.0.0/toolchain/bin/../lib/gcc/arm-none-eabi/4.8.4/../../../../arm-none-eabi/lib/armv7e-m/fpu\libg_s.a(lib_a-impure.o)
                0x1fff0068                . = ALIGN (0x4)
                0x1fff0068                _edata = .
                0x00000068                ___data_size = (_edata - _sdata)
                0x00000ce8                ___m_data_20000000_ROMStart = (___ROM_AT + SIZEOF (.data))

.jcr            0x1fff0068        0x0 load address 0x00000ce8
 .jcr           0x1fff0068        0x0 c:/freescale/kds_3.0.0/toolchain/bin/../lib/gcc/arm-none-eabi/4.8.4/armv7e-m/fpu/crtbegin.o

.igot.plt       0x1fff0068        0x0 load address 0x00000ce8
 .igot.plt      0x00000000        0x0 c:/freescale/kds_3.0.0/toolchain/bin/../lib/gcc/arm-none-eabi/4.8.4/armv7e-m/fpu/crtbegin.o

.m_data_20000000
                0x20000000        0x0 load address 0x00000ce8
                0x20000000                . = ALIGN (0x4)
                0x20000000                ___m_data_20000000_RAMStart = .
 *(.m_data_20000000)
                0x20000000                ___m_data_20000000_RAMEnd = .
                0x20000000                . = ALIGN (0x4)
                0x00000000                ___m_data_20000000_ROMSize = (___m_data_20000000_RAMEnd - ___m_data_20000000_RAMStart)
                0x20000000                . = ALIGN (0x4)

.bss            0x1fff0068       0x30 load address 0x00000ce8
                0x1fff0068                __START_BSS = .
                0x1fff0068                PROVIDE (__bss_start__, __START_BSS)
 *(.bss)
 .bss           0x1fff0068       0x1c c:/freescale/kds_3.0.0/toolchain/bin/../lib/gcc/arm-none-eabi/4.8.4/armv7e-m/fpu/crtbegin.o
 *(.bss*)
 .bss.ButtonSetup
                0x1fff0084        0x8 H:\48434 Embedded Software\Lab Templates\Lab0\Library\libLab0.a(buttons.o)
 .bss.PcrPtr    0x1fff008c        0x4 H:\48434 Embedded Software\Lab Templates\Lab0\Library\libLab0.a(buttons.o)
 .bss.UserFunction
                0x1fff0090        0x4 H:\48434 Embedded Software\Lab Templates\Lab0\Library\libLab0.a(timer.o)
 .bss.count.6526
                0x1fff0094        0x1 H:\48434 Embedded Software\Lab Templates\Lab0\Library\libLab0.a(timer.o)
 *(COMMON)
                0x1fff0098                . = ALIGN (0x4)
 *fill*         0x1fff0095        0x3 
                0x1fff0098                __END_BSS = .
                0x1fff0098                PROVIDE (__bss_end__, __END_BSS)
                0x00000ce8                _romp_at = ((___ROM_AT + SIZEOF (.data)) + SIZEOF (.m_data_20000000))

.romp           0x1fff0098       0x24 load address 0x00000ce8
                0x00000ce8                __S_romp = _romp_at
                0x1fff0098        0x4 LONG 0xc80 ___ROM_AT
                0x1fff009c        0x4 LONG 0x1fff0000 _sdata
                0x1fff00a0        0x4 LONG 0x68 ___data_size
                0x1fff00a4        0x4 LONG 0xce8 ___m_data_20000000_ROMStart
                0x1fff00a8        0x4 LONG 0x20000000 ___m_data_20000000_RAMStart
                0x1fff00ac        0x4 LONG 0x0 ___m_data_20000000_ROMSize
                0x1fff00b0        0x4 LONG 0x0
                0x1fff00b4        0x4 LONG 0x0
                0x1fff00b8        0x4 LONG 0x0

._user_heap_stack
                0x1fff00bc      0x400 load address 0x00000d0c
                0x1fff00bc                . = ALIGN (0x4)
                0x1fff00bc                PROVIDE (end, .)
                0x1fff00bc                PROVIDE (_end, .)
                0x1fff00bc                __heap_addr = .
                0x1fff00bc                __HeapBase = .
                0x1fff00bc                . = (. + __heap_size)
                0x1fff00bc                __HeapLimit = .
                0x1fff04bc                . = (. + __stack_size)
 *fill*         0x1fff00bc      0x400 
                0x1fff04bc                . = ALIGN (0x4)

.ARM.attributes
                0x00000000       0x30
 *(.ARM.attributes)
 .ARM.attributes
                0x00000000       0x22 c:/freescale/kds_3.0.0/toolchain/bin/../lib/gcc/arm-none-eabi/4.8.4/armv7e-m/fpu/crti.o
 .ARM.attributes
                0x00000022       0x34 c:/freescale/kds_3.0.0/toolchain/bin/../lib/gcc/arm-none-eabi/4.8.4/armv7e-m/fpu/crtbegin.o
 .ARM.attributes
                0x00000056       0x20 c:/freescale/kds_3.0.0/toolchain/bin/../lib/gcc/arm-none-eabi/4.8.4/../../../../arm-none-eabi/lib/armv7e-m/fpu/crt0.o
 .ARM.attributes
                0x00000076       0x39 ./Sources/main.o
 .ARM.attributes
                0x000000af       0x39 ./Project_Settings/Startup_Code/startup.o
 .ARM.attributes
                0x000000e8       0x39 ./Generated_Code/Cpu.o
 .ARM.attributes
                0x00000121       0x39 ./Generated_Code/Vectors.o
 .ARM.attributes
                0x0000015a       0x39 H:\48434 Embedded Software\Lab Templates\Lab0\Library\libLab0.a(LEDs.o)
 .ARM.attributes
                0x00000193       0x39 H:\48434 Embedded Software\Lab Templates\Lab0\Library\libLab0.a(buttons.o)
 .ARM.attributes
                0x000001cc       0x39 H:\48434 Embedded Software\Lab Templates\Lab0\Library\libLab0.a(timer.o)
 .ARM.attributes
                0x00000205       0x34 c:/freescale/kds_3.0.0/toolchain/bin/../lib/gcc/arm-none-eabi/4.8.4/../../../../arm-none-eabi/lib/armv7e-m/fpu\libg_s.a(lib_a-exit.o)
 .ARM.attributes
                0x00000239       0x34 c:/freescale/kds_3.0.0/toolchain/bin/../lib/gcc/arm-none-eabi/4.8.4/../../../../arm-none-eabi/lib/armv7e-m/fpu\libg_s.a(lib_a-impure.o)
 .ARM.attributes
                0x0000026d       0x34 c:/freescale/kds_3.0.0/toolchain/bin/../lib/gcc/arm-none-eabi/4.8.4/../../../../arm-none-eabi/lib/armv7e-m/fpu\libg_s.a(lib_a-init.o)
 .ARM.attributes
                0x000002a1       0x34 c:/freescale/kds_3.0.0/toolchain/bin/../lib/gcc/arm-none-eabi/4.8.4/../../../../arm-none-eabi/lib/armv7e-m/fpu\libg_s.a(lib_a-memset.o)
 .ARM.attributes
                0x000002d5       0x34 c:/freescale/kds_3.0.0/toolchain/bin/../lib/gcc/arm-none-eabi/4.8.4/../../../../arm-none-eabi/lib/armv7e-m/fpu\libnosys.a(_exit.o)
 .ARM.attributes
                0x00000309       0x22 c:/freescale/kds_3.0.0/toolchain/bin/../lib/gcc/arm-none-eabi/4.8.4/armv7e-m/fpu/crtn.o
OUTPUT(Lab0.elf elf32-littlearm)

.debug_info     0x00000000     0x1d97
 .debug_info    0x00000000       0xf8 ./Sources/main.o
 .debug_info    0x000000f8      0x3b0 ./Project_Settings/Startup_Code/startup.o
 .debug_info    0x000004a8      0xb89 ./Generated_Code/Cpu.o
 .debug_info    0x00001031      0x10f ./Generated_Code/Vectors.o
 .debug_info    0x00001140      0x4a3 H:\48434 Embedded Software\Lab Templates\Lab0\Library\libLab0.a(LEDs.o)
 .debug_info    0x000015e3      0x647 H:\48434 Embedded Software\Lab Templates\Lab0\Library\libLab0.a(buttons.o)
 .debug_info    0x00001c2a      0x16d H:\48434 Embedded Software\Lab Templates\Lab0\Library\libLab0.a(timer.o)

.debug_abbrev   0x00000000      0x7ce
 .debug_abbrev  0x00000000       0x73 ./Sources/main.o
 .debug_abbrev  0x00000073      0x189 ./Project_Settings/Startup_Code/startup.o
 .debug_abbrev  0x000001fc      0x185 ./Generated_Code/Cpu.o
 .debug_abbrev  0x00000381       0xa4 ./Generated_Code/Vectors.o
 .debug_abbrev  0x00000425      0x155 H:\48434 Embedded Software\Lab Templates\Lab0\Library\libLab0.a(LEDs.o)
 .debug_abbrev  0x0000057a      0x177 H:\48434 Embedded Software\Lab Templates\Lab0\Library\libLab0.a(buttons.o)
 .debug_abbrev  0x000006f1       0xdd H:\48434 Embedded Software\Lab Templates\Lab0\Library\libLab0.a(timer.o)

.debug_aranges  0x00000000      0x160
 .debug_aranges
                0x00000000       0x38 ./Sources/main.o
 .debug_aranges
                0x00000038       0x50 ./Project_Settings/Startup_Code/startup.o
 .debug_aranges
                0x00000088       0x38 ./Generated_Code/Cpu.o
 .debug_aranges
                0x000000c0       0x18 ./Generated_Code/Vectors.o
 .debug_aranges
                0x000000d8       0x38 H:\48434 Embedded Software\Lab Templates\Lab0\Library\libLab0.a(LEDs.o)
 .debug_aranges
                0x00000110       0x28 H:\48434 Embedded Software\Lab Templates\Lab0\Library\libLab0.a(buttons.o)
 .debug_aranges
                0x00000138       0x28 H:\48434 Embedded Software\Lab Templates\Lab0\Library\libLab0.a(timer.o)

.debug_ranges   0x00000000       0xe8
 .debug_ranges  0x00000000       0x28 ./Sources/main.o
 .debug_ranges  0x00000028       0x40 ./Project_Settings/Startup_Code/startup.o
 .debug_ranges  0x00000068       0x28 ./Generated_Code/Cpu.o
 .debug_ranges  0x00000090       0x28 H:\48434 Embedded Software\Lab Templates\Lab0\Library\libLab0.a(LEDs.o)
 .debug_ranges  0x000000b8       0x18 H:\48434 Embedded Software\Lab Templates\Lab0\Library\libLab0.a(buttons.o)
 .debug_ranges  0x000000d0       0x18 H:\48434 Embedded Software\Lab Templates\Lab0\Library\libLab0.a(timer.o)

.debug_macro    0x00000000    0x336ac
 .debug_macro   0x00000000       0xb6 ./Sources/main.o
 .debug_macro   0x000000b6      0x850 ./Sources/main.o
 .debug_macro   0x00000906       0x16 ./Sources/main.o
 .debug_macro   0x0000091c       0x44 ./Sources/main.o
 .debug_macro   0x00000960      0x209 ./Sources/main.o
 .debug_macro   0x00000b69     0x17fa ./Sources/main.o
 .debug_macro   0x00002363      0x14e ./Sources/main.o
 .debug_macro   0x000024b1       0x64 ./Sources/main.o
 .debug_macro   0x00002515    0x174c1 ./Sources/main.o
 .debug_macro   0x000199d6       0x8e ./Sources/main.o
 .debug_macro   0x00019a64       0x22 ./Sources/main.o
 .debug_macro   0x00019a86      0x121 ./Project_Settings/Startup_Code/startup.o
 .debug_macro   0x00019ba7       0x58 ./Project_Settings/Startup_Code/startup.o
 .debug_macro   0x00019bff       0x35 ./Project_Settings/Startup_Code/startup.o
 .debug_macro   0x00019c34       0xa3 ./Project_Settings/Startup_Code/startup.o
 .debug_macro   0x00019cd7      0x166 ./Project_Settings/Startup_Code/startup.o
 .debug_macro   0x00019e3d       0x4a ./Project_Settings/Startup_Code/startup.o
 .debug_macro   0x00019e87       0x52 ./Project_Settings/Startup_Code/startup.o
 .debug_macro   0x00019ed9       0x16 ./Project_Settings/Startup_Code/startup.o
 .debug_macro   0x00019eef       0x43 ./Project_Settings/Startup_Code/startup.o
 .debug_macro   0x00019f32      0x180 ./Project_Settings/Startup_Code/startup.o
 .debug_macro   0x0001a0b2      0x2a6 ./Project_Settings/Startup_Code/startup.o
 .debug_macro   0x0001a358       0x10 ./Project_Settings/Startup_Code/startup.o
 .debug_macro   0x0001a368       0x35 ./Project_Settings/Startup_Code/startup.o
 .debug_macro   0x0001a39d       0x16 ./Project_Settings/Startup_Code/startup.o
 .debug_macro   0x0001a3b3       0x22 ./Project_Settings/Startup_Code/startup.o
 .debug_macro   0x0001a3d5       0x16 ./Project_Settings/Startup_Code/startup.o
 .debug_macro   0x0001a3eb      0x20f ./Project_Settings/Startup_Code/startup.o
 .debug_macro   0x0001a5fa    0x174af ./Project_Settings/Startup_Code/startup.o
 .debug_macro   0x00031aa9       0x84 ./Generated_Code/Cpu.o
 .debug_macro   0x00031b2d       0x94 ./Generated_Code/Cpu.o
 .debug_macro   0x00031bc1       0xac ./Generated_Code/Vectors.o
 .debug_macro   0x00031c6d       0x68 H:\48434 Embedded Software\Lab Templates\Lab0\Library\libLab0.a(LEDs.o)
 .debug_macro   0x00031cd5       0xa0 H:\48434 Embedded Software\Lab Templates\Lab0\Library\libLab0.a(buttons.o)
 .debug_macro   0x00031d75     0x1800 H:\48434 Embedded Software\Lab Templates\Lab0\Library\libLab0.a(buttons.o)
 .debug_macro   0x00033575       0x8e H:\48434 Embedded Software\Lab Templates\Lab0\Library\libLab0.a(buttons.o)
 .debug_macro   0x00033603       0xa9 H:\48434 Embedded Software\Lab Templates\Lab0\Library\libLab0.a(timer.o)

.debug_line     0x00000000     0x1198
 .debug_line    0x00000000      0x2e8 ./Sources/main.o
 .debug_line    0x000002e8      0x3dc ./Project_Settings/Startup_Code/startup.o
 .debug_line    0x000006c4      0x270 ./Generated_Code/Cpu.o
 .debug_line    0x00000934      0x25f ./Generated_Code/Vectors.o
 .debug_line    0x00000b93      0x1e7 H:\48434 Embedded Software\Lab Templates\Lab0\Library\libLab0.a(LEDs.o)
 .debug_line    0x00000d7a      0x215 H:\48434 Embedded Software\Lab Templates\Lab0\Library\libLab0.a(buttons.o)
 .debug_line    0x00000f8f      0x209 H:\48434 Embedded Software\Lab Templates\Lab0\Library\libLab0.a(timer.o)

.debug_str      0x00000000    0x8d15f
 .debug_str     0x00000000    0x8a526 ./Sources/main.o
                              0x8a679 (size before relaxing)
 .debug_str     0x0008a526     0x269e ./Project_Settings/Startup_Code/startup.o
                              0x853f4 (size before relaxing)
 .debug_str     0x0008cbc4      0x34f ./Generated_Code/Cpu.o
                              0x8a9c5 (size before relaxing)
 .debug_str     0x0008cf13       0x1c ./Generated_Code/Vectors.o
                              0x8a670 (size before relaxing)
 .debug_str     0x0008cf2f       0xd0 H:\48434 Embedded Software\Lab Templates\Lab0\Library\libLab0.a(LEDs.o)
                              0x82f0f (size before relaxing)
 .debug_str     0x0008cfff       0xfa H:\48434 Embedded Software\Lab Templates\Lab0\Library\libLab0.a(buttons.o)
                              0x8a8f0 (size before relaxing)
 .debug_str     0x0008d0f9       0x66 H:\48434 Embedded Software\Lab Templates\Lab0\Library\libLab0.a(timer.o)
                              0x8a6af (size before relaxing)

.comment        0x00000000       0x70
 .comment       0x00000000       0x70 ./Sources/main.o
                                 0x71 (size before relaxing)
 .comment       0x00000000       0x71 ./Project_Settings/Startup_Code/startup.o
 .comment       0x00000000       0x71 ./Generated_Code/Cpu.o
 .comment       0x00000000       0x71 ./Generated_Code/Vectors.o
 .comment       0x00000000       0x71 H:\48434 Embedded Software\Lab Templates\Lab0\Library\libLab0.a(LEDs.o)
 .comment       0x00000000       0x71 H:\48434 Embedded Software\Lab Templates\Lab0\Library\libLab0.a(buttons.o)
 .comment       0x00000000       0x71 H:\48434 Embedded Software\Lab Templates\Lab0\Library\libLab0.a(timer.o)

.debug_frame    0x00000000      0x374
 .debug_frame   0x00000000       0x80 ./Sources/main.o
 .debug_frame   0x00000080       0xc0 ./Project_Settings/Startup_Code/startup.o
 .debug_frame   0x00000140       0x80 ./Generated_Code/Cpu.o
 .debug_frame   0x000001c0       0x80 H:\48434 Embedded Software\Lab Templates\Lab0\Library\libLab0.a(LEDs.o)
 .debug_frame   0x00000240       0x50 H:\48434 Embedded Software\Lab Templates\Lab0\Library\libLab0.a(buttons.o)
 .debug_frame   0x00000290       0x50 H:\48434 Embedded Software\Lab Templates\Lab0\Library\libLab0.a(timer.o)
 .debug_frame   0x000002e0       0x28 c:/freescale/kds_3.0.0/toolchain/bin/../lib/gcc/arm-none-eabi/4.8.4/../../../../arm-none-eabi/lib/armv7e-m/fpu\libg_s.a(lib_a-exit.o)
 .debug_frame   0x00000308       0x2c c:/freescale/kds_3.0.0/toolchain/bin/../lib/gcc/arm-none-eabi/4.8.4/../../../../arm-none-eabi/lib/armv7e-m/fpu\libg_s.a(lib_a-init.o)
 .debug_frame   0x00000334       0x20 c:/freescale/kds_3.0.0/toolchain/bin/../lib/gcc/arm-none-eabi/4.8.4/../../../../arm-none-eabi/lib/armv7e-m/fpu\libg_s.a(lib_a-memset.o)
 .debug_frame   0x00000354       0x20 c:/freescale/kds_3.0.0/toolchain/bin/../lib/gcc/arm-none-eabi/4.8.4/../../../../arm-none-eabi/lib/armv7e-m/fpu\libnosys.a(_exit.o)
